  (use "git add <file>..." to include in what will be committed)
	../.DS_Store
	Test

nothing added to commit but untracked files present (use "git add" to track)
jameshartman@Jamess-MacBook-Air Code_Files % git add *
jameshartman@Jamess-MacBook-Air Code_Files % git status
On branch main
Changes to be committed:
  (use "git restore --staged <file>..." to unstage)
	new file:   Test

Untracked files:
  (use "git add <file>..." to include in what will be committed)
	../.DS_Store

jameshartman@Jamess-MacBook-Air Code_Files % git add *
jameshartman@Jamess-MacBook-Air Code_Files % git status
On branch main
Changes to be committed:
  (use "git restore --staged <file>..." to unstage)
	new file:   Test

Untracked files:
  (use "git add <file>..." to include in what will be committed)
	../.DS_Store

jameshartman@Jamess-MacBook-Air Code_Files % git status
On branch main
Changes to be committed:
  (use "git restore --staged <file>..." to unstage)
	new file:   Test

Untracked files:
  (use "git add <file>..." to include in what will be committed)
	../.DS_Store
	.DS_Store

jameshartman@Jamess-MacBook-Air Code_Files % clear

jameshartman@Jamess-MacBook-Air Code_Files % git status
On branch main
Changes to be committed:
  (use "git restore --staged <file>..." to unstage)
	new file:   Test

Untracked files:
  (use "git add <file>..." to include in what will be committed)
	../.DS_Store
	.DS_Store

jameshartman@Jamess-MacBook-Air Code_Files % ls
Test		Untitled
jameshartman@Jamess-MacBook-Air Code_Files % vim Test 


























James was here

~                                                                                                                                 
~                                                                                                                                 
~                                                                                                                                 
~                                                                                                                                 
~                                                                                                                                 
~                                                                                                                                 
~                                                                                                                                 
~                                                                                                                                 
~                                                                                                                                 
~                                                                                                                                 
~                                                                                                                                 
~                                                                                                                                 
~                                                                                                                                 
~                                                                                                                                 
~                                                                                                                                 
~                                                                                                                                 
~                                                                                                                                 
~                                                                                                                                 
~                                                                                                                                 
~                                                                                                                                 
~                                                                                                                                 
~                                                                                                                                 
~                                                                                                                                 
~                                                                                                                                 
~                                                                                                                                 
~                                                                                                                                 
~                                                                                                                                 
~                                                                                                                                 
~                                                                                                                                 
~                                                                                                                                 
~                                                                                                                                 
~                                                                                                                                 
~                                                                                                                                 
~                                                                                                                                 
~                                                                                                                                 
~                                                                                                                                 
~                                                                                                                                 

